// Jest Snapshot v1, https://goo.gl/fbAQLP

exports[`App Movies snapshot test 1`] = `
Array [
  <div>
    <img
        src="http://image.tmdb.org/t/p/w185//banana"
    />
</div>,
  <div>
    <img
        src="http://image.tmdb.org/t/p/w185//banana"
    />
</div>,
  <div>
    <img
        src="http://image.tmdb.org/t/p/w185//banana"
    />
</div>,
]
`;
